[36mvite v5.4.21 [32mbuilding for production...[36m[39m
transforming...
[32mΓ£ô[39m 2399 modules transformed.
rendering chunks...
computing gzip size...
[2mdist/[22m[32mindex.html                 [39m[1m[2m    0.95 kB[22m[1m[22m[2m Γöé gzip:   0.52 kB[22m
[2mdist/[22m[35massets/index-CEyQOMTL.css  [39m[1m[2m   13.80 kB[22m[1m[22m[2m Γöé gzip:   3.65 kB[22m
[2mdist/[22m[36massets/index-HmcehM-6.js   [39m[1m[33m1,297.45 kB[39m[22m[2m Γöé gzip: 373.63 kB[22m

(!) Some chunks are larger than 500 kB after minification. Consider:
- Using dynamic import() to code-split the application
- Use build.rollupOptions.output.manualChunks to improve chunking: https://rollupjs.org/configuration-options/#output-manualchunks
- Adjust chunk size limit for this warning via build.chunkSizeWarningLimit.
[32mΓ£ô built in 7.21s[39m
